Wallet.jsx: 641 - Parsing error: Expected corresponding JSX closing tag for <motion.div>
